---
source: spade-tests/src/ast_lowering.rs
---
pipeline(3) main(clk: clock) -> int<8> {
    reg;
        'a
        let x = 0u8;
    reg;
    reg;
        stage(b).x
}

error: Use of undeclared name b
  ┌─ testinput:7:15
  │
7 │         stage(b).x
  │               ^ Undeclared name
