---
source: spade-tests/src/affine_check.rs
expression: "std::str::from_utf8(buffer.as_slice()).expect(\"error contains invalid utf-8\")"
---
error: Subexpression used multiple times
  ┌─ testinput:2:16
  │
2 │     [resource, resource]
  │      --------  ^^^^^^^^ Use of consumed resource
  │      │          
  │      Previously used here
  │
  = Because the expression  is of type &mut


