---
source: spade-tests/src/integration.rs
expression: "std::str::from_utf8(buffer.as_slice()).expect(\"error contains invalid utf-8\")"
---
error: Type error
  ┌─ testinput:1:28
  │  
1 │   entity x(x: bool) -> &bool {
  │                        ----- &bool type specified here
  │ ╭────────────────────────────^
2 │ │     x
3 │ │ }
  │ ╰─^ Found type bool
  │  
  = Expected: &bool
  =      Got: bool


