---
source: spade-tests/src/typeinference.rs
snapshot_kind: text
---
fn test(x: uint<8>) -> bool {
    match x {
        512 => false,
        _ => false,
    }
}


error: Integer value does not fit in int<8>
  ┌─ testinput:3:9
  │
3 │         512 => false,
  │         ^^^ 512 does not fit in an uint<8>
  │
  = note: uint<8> fits unsigned integers in the range (0, 255)
