---
source: spade-tests/src/linear_check.rs
---
entity consume(p: ~& bool) -> bool __builtin__

entity test() -> bool {
    decl x;
    let _ = inst consume(x);
    let x = inst new_mut_wire();
    let _ = inst consume(x);
    true
}


error: Use of consumed resource
  ┌─ testinput:7:26
  │
5 │     let _ = inst consume(x);
  │                          - Previously used here
6 │     let x = inst new_mut_wire();
7 │     let _ = inst consume(x);
  │                          ^ Use of consumed resource
