---
source: spade-tests/src/ast_lowering.rs
---
fn test() {
    let l2 = fn() {
        let x = 0;
        let l = fn() {
            let y = x;
        };
    };
}
