---
source: spade-tests/src/parser.rs
---
use conv;

entity counter(clk: clock, rst: bool, max: int<8>) -> int<8> {
    reg(clk) value reset (rst: 0) =
        if value == max {
            0
        }
        else {
            conv::trunc(value + 1)
        };
    value
}


error: Use of undeclared name conv
  ┌─ testinput:1:5
  │
1 │ use conv;
  │     ^^^^ Undeclared name
